[math.iisc.ac.in/seminars2017.0.delayed]
[math.iisc.ac.in/seminars2017/index.html]
[backblue.gif]
[fade.gif]
[index.html]
[math.iisc.ac.in/icons/blank.gif]
[math.iisc.ac.in/icons/back.gif]
[math.iisc.ac.in/seminars2017/indexc052.html]
[math.iisc.ac.in/icons/text.gif]
[math.iisc.ac.in/seminars2017/index.html]
[math.iisc.ac.in/seminars2017/indexc052.html]
[math.iisc.ac.in/seminars2017/indexf8a0.html]
[math.iisc.ac.in/seminars2017/indexf8a0.html]
[math.iisc.ac.in/seminars2017/indexbfec.html]
[math.iisc.ac.in/seminars2017/indexbfec.html]
[math.iisc.ac.in/seminars2017/index30b5.html]
[math.iisc.ac.in/seminars2017/index30b5.html]
[math.iisc.ac.in/index.html]
[math.iisc.ac.in/seminars2017/aug02.html]
[math.iisc.ac.in/seminars2017/apr05.html]
[math.iisc.ac.in/seminars2017/aug09.html]
[math.iisc.ac.in/iisclogo.jpg]
[math.iisc.ac.in/seminars2017/aug18.html]
[math.iisc.ac.in/seminars2017/feb03-I.html]
[math.iisc.ac.in/seminars2017/feb03.html]
[math.iisc.ac.in/images/lnk-intro1.gif]
[math.iisc.ac.in/seminars2017/feb16.html]
[math.iisc.ac.in/images/lnk-imi1.gif]
[math.iisc.ac.in/seminars2017/feb17-I.html]
[math.iisc.ac.in/seminars2017/feb17-II.html]
[math.iisc.ac.in/seminars2017/feb17.html]
[math.iisc.ac.in/images/lnk-people1.gif]
[math.iisc.ac.in/images/lnk-nonlin1.gif]
[math.iisc.ac.in/seminars2017/feb23.html]
[math.iisc.ac.in/seminars2017/jan05.html]
[math.iisc.ac.in/seminars2017/jan06.html]
[math.iisc.ac.in/images/lnk-research1.gif]
[math.iisc.ac.in/seminars2017/jan09.html]
[math.iisc.ac.in/images/lnk-matholym1.gif]
[math.iisc.ac.in/seminars2017/jan10.html]
[math.iisc.ac.in/images/lnk-courses1.gif]
[math.iisc.ac.in/seminars2017/jan11.html]
[math.iisc.ac.in/seminars2017/jan18.html]
[math.iisc.ac.in/seminars2017/jan20.html]
[math.iisc.ac.in/images/lnk-degree1.gif]
[math.iisc.ac.in/seminars2017/jan31.html]
[math.iisc.ac.in/images/lnk-nbhm1.gif]
[math.iisc.ac.in/seminars2017/jul03.html]
[math.iisc.ac.in/images/lnk-eprint.gif]
[math.iisc.ac.in/seminars2017/jul12.html]
[math.iisc.ac.in/images/lnk-upevents1.gif]
[math.iisc.ac.in/seminars2017/jun06.html]
[math.iisc.ac.in/images/lnk-resproj1.gif]
[math.iisc.ac.in/seminars2017/jun14.html]
[math.iisc.ac.in/images/lnk-rellinks1.gif]
[math.iisc.ac.in/seminars2017/jun19.html]
[math.iisc.ac.in/images/lnk-career1.gif]
[math.iisc.ac.in/images/lnk-conus1.gif]
[math.iisc.ac.in/seminars2017/mar28.html]
[math.iisc.ac.in/seminars2017/may09.html]
[math.iisc.ac.in/images/lnk-seminar1.gif]
[math.iisc.ac.in/seminars2017/may18.html]
[math.iisc.ac.in/images/lnk-pastevents1.gif]
[math.iisc.ac.in/seminars2017/index5851.html]
[math.iisc.ac.in/seminars2017/index72c9.html]
[math.iisc.ac.in/seminars2017/indexb70a.html]
[math.iisc.ac.in/images/lnk-iisctifr-home1.gif]
[math.iisc.ac.in/seminars2017/indexad3f.html]
[math.iisc.ac.in/scripts/mathdept.css]
[math.iisc.ac.in/images/title.gif]
[math.iisc.ac.in/image/lnk-events.html]
[math.iisc.ac.in/funding_agen.html]
[math.iisc.ac.in/images/home-bldg4.jpg]
[math.iisc.ac.in/images/home-joinus.gif]
[math.iisc.ac.in/fac-pos.html]
[math.iisc.ac.in/images/home-phdprog.gif]
[math.iisc.ac.in/degprog.html]
[math.iisc.ac.in/images/imgs-toprght.jpg]
[math.iisc.ac.in/scrollnews.html]
[math.iisc.ac.in/intro.html]
[math.iisc.ac.in/images/lnk-intro.gif]
[math.iisc.ac.in/newseminars.html]
[math.iisc.ac.in/images/lnk-seminar1old.gif]
[math.iisc.ac.in/images/lnk-seminarold.gif]
[math.iisc.ac.in/people.html]
[math.iisc.ac.in/images/lnk-people.gif]
[math.iisc.ac.in/_mathbio]
[math.iisc.ac.in/images/lnk-mathbioo1.gif]
[math.iisc.ac.in/images/lnk-mathbioo.gif]
[math.iisc.ac.in/_mathbio/index.html]
[math.iisc.ac.in/research.html]
[math.iisc.ac.in/images/lnk-research.gif]
[math.iisc.ac.in/_ifcam]
[math.iisc.ac.in/images/ifcam1.gif]
[math.iisc.ac.in/_ifcam/index.html]
[math.iisc.ac.in/images/ifcam.gif]
[math.iisc.ac.in/images/lnk-degree.gif]
[math.iisc.ac.in/_nmi]
[math.iisc.ac.in/images/lnk-nmi.gif]
[math.iisc.ac.in/_nmi/index.html]
[math.iisc.ac.in/newcourse.html]
[math.iisc.ac.in/images/lnk-courses.gif]
[math.iisc.ac.in/index.html]
[math.iisc.ac.in/seminars2017/apr05.html]
[math.iisc.ac.in/seminars2017/aug02.html]
[math.iisc.ac.in/seminars2017/aug09.html]
[math.iisc.ac.in/seminars2017/aug18.html]
[math.iisc.ac.in/seminars2017/feb03-I.html]
[math.iisc.ac.in/seminars2017/feb03.html]
[math.iisc.ac.in/seminars2017/feb16.html]
[math.iisc.ac.in/seminars2017/feb17-I.html]
[math.iisc.ac.in/seminars2017/feb17-II.html]
[math.iisc.ac.in/seminars2017/feb17.html]
[math.iisc.ac.in/seminars2017/feb23.html]
[math.iisc.ac.in/seminars2017/jan05.html]
[math.iisc.ac.in/seminars2017/jan06.html]
[math.iisc.ac.in/seminars2017/jan09.html]
[math.iisc.ac.in/seminars2017/jan10.html]
[math.iisc.ac.in/seminars2017/jan11.html]
[math.iisc.ac.in/seminars2017/jan18.html]
[math.iisc.ac.in/seminars2017/jan20.html]
[math.iisc.ac.in/seminars2017/jan31.html]
[math.iisc.ac.in/seminars2017/jul03.html]
[math.iisc.ac.in/seminars2017/jul12.html]
[math.iisc.ac.in/seminars2017/jun06.html]
[math.iisc.ac.in/seminars2017/jun14.html]
[math.iisc.ac.in/seminars2017/jun19.html]
[math.iisc.ac.in/seminars2017/mar28.html]
[math.iisc.ac.in/seminars2017/may09.html]
[math.iisc.ac.in/seminars2017/may18.html]
[math.iisc.ac.in/seminars2017/indexb70a.html]
[math.iisc.ac.in/seminars2017/index72c9.html]
[math.iisc.ac.in/seminars2017/index5851.html]
[math.iisc.ac.in/seminars2017/indexad3f.html]
[math.iisc.ac.in/scripts/mathdept.css]
[math.iisc.ac.in/image/lnk-events.html]
[math.iisc.ac.in/funding_agen.html]
[math.iisc.ac.in/fac-pos.html]
[math.iisc.ac.in/degprog.html]
[math.iisc.ac.in/scrollnews.html]
[math.iisc.ac.in/intro.html]
[math.iisc.ac.in/newseminars.html]
[math.iisc.ac.in/people.html]
[math.iisc.ac.in/_mathbio/index.html]
[math.iisc.ac.in/research.html]
[math.iisc.ac.in/_ifcam/index.html]
[math.iisc.ac.in/_nmi/index.html]
[math.iisc.ac.in/newcourse.html]
[math.iisc.ac.in/images/lnk-seminar.html]
[math.iisc.ac.in/majres.html]
[math.iisc.ac.in/images/lnk-resproj.html]
[math.iisc.ac.in/matholym-nat.html]
[math.iisc.ac.in/images/lnk-matholym.html]
[math.iisc.ac.in/_library.html]
[math.iisc.ac.in/images/mathlib1.html]
[math.iisc.ac.in/images/matlib.html]
[math.iisc.ac.in/rellinks.html]
[math.iisc.ac.in/images/lnk-rellinks.html]
[math.iisc.ac.in/images/lnk-nbhm.html]
[math.iisc.ac.in/conus.html]
[math.iisc.ac.in/images/lnk-conus.html]
[math.iisc.ac.in/disclaimer.html]
[math.iisc.ac.in/seminars2017/dec17_files/injection_graph_func.html]
[math.iisc.ac.in/index-2.html]
[math.iisc.ac.in/images/fun-age.html]
[math.iisc.ac.in/courses.html]
[math.iisc.ac.in/seminars.html]
[math.iisc.ac.in/events.html]
[math.iisc.ac.in/images/lnk-events1.html]
[math.iisc.ac.in/images/lnk-events.html]
[math.iisc.ac.in/images/lnk-publicc1.html]
[math.iisc.ac.in/images/lnk-publi.html]
[math.iisc.ac.in/images/lnk-pa1.html]
[math.iisc.ac.in/images/lnk-pa.html]
[math.iisc.ac.in/images/lnk-imi.html]
[math.iisc.ac.in/images/lnk-nbhmpanoramaa1.html]
[math.iisc.ac.in/images/lnk-nbhmpanoramaa.html]
[math.iisc.ac.in/matholym.html]
[math.iisc.ac.in/career.html]
[math.iisc.ac.in/images/lnk-careeer1.html]
[math.iisc.ac.in/images/lnk-career.html]
[math.iisc.ac.in/images/lnk-indo-french1.html]
[math.iisc.ac.in/images/lnk-indo-french.html]
[math.iisc.ac.in/images/lnk-preprintss1.html]
[math.iisc.ac.in/images/lnk-preprintss.html]
[math.iisc.ac.in/nbhm.html]
[math.iisc.ac.in/images/funding-dst.html]
[math.iisc.ac.in/images/logougc.html]
[math.iisc.ac.in/images/h-facpos.html]
[math.iisc.ac.in/seminars2016.html]
[math.iisc.ac.in/images/h-degprog.html]
[math.iisc.ac.in/degprog-phd.html]
[math.iisc.ac.in/degprog-intphd.html]
[math.iisc.ac.in/style/chalukyas.html]
[math.iisc.ac.in/downloads/outing-spots.html]
[math.iisc.ac.in/Course_Schedule2017.html]
[math.iisc.ac.in/phd_result17.html]
[math.iisc.ac.in/intphd_result17.html]
[math.iisc.ac.in/images/h-intro.html]
[math.iisc.ac.in/people-fac.html]
[math.iisc.ac.in/images/h-seminars.html]
[math.iisc.ac.in/images/h-people.html]
[math.iisc.ac.in/images/h-people-home.html]
[math.iisc.ac.in/people_emisci.html]
[math.iisc.ac.in/people_nmidis.html]
[math.iisc.ac.in/people_if.html]
[math.iisc.ac.in/people-postdoc.html]
[math.iisc.ac.in/people-stu.html]
[math.iisc.ac.in/people-staff.html]
[math.iisc.ac.in/people-trainee.html]
[math.iisc.ac.in/_mathbio/styles/style.html]
[math.iisc.ac.in/_mathbio/images/spacer.html]
[math.iisc.ac.in/_mathbio/index-2.html]
[math.iisc.ac.in/_mathbio/images/logo.html]
[math.iisc.ac.in/_mathbio/images/banner.html]
[math.iisc.ac.in/_mathbio/visitorsprogramme.html]
[math.iisc.ac.in/_mathbio/listofassociatedfaculty.html]
[math.iisc.ac.in/_mathbio/seminars.html]
[math.iisc.ac.in/_mathbio/courses.html]
[math.iisc.ac.in/_mathbio/Workshops.html]
[math.iisc.ac.in/_mathbio/book_list.html]
[math.iisc.ac.in/_mathbio/computingfacility.html]
[math.iisc.ac.in/_mathbio/phd-programme.html]
[math.iisc.ac.in/_mathbio/Alumni.html]
[math.iisc.ac.in/_mathbio/fundingagency.html]
[math.iisc.ac.in/_mathbio/contact.html]
[math.iisc.ac.in/images/h-research.html]
[math.iisc.ac.in/images/h-research-areas.html]
[math.iisc.ac.in/pub1991-2007.html]
[math.iisc.ac.in/_ifcam/style.html]
[math.iisc.ac.in/_ifcam/images/ifcamimg.html]
[math.iisc.ac.in/_ifcam/images/logo.html]
[math.iisc.ac.in/_ifcam/index-2.html]
[math.iisc.ac.in/_ifcam/committee.html]
[math.iisc.ac.in/_ifcam/sponsors.html]
[math.iisc.ac.in/_ifcam/project.html]
[math.iisc.ac.in/_ifcam/events.html]
[math.iisc.ac.in/_ifcam/download.html]
[math.iisc.ac.in/_ifcam/visitors.html]
[math.iisc.ac.in/_ifcam/contact.html]
[math.iisc.ac.in/_nmi/scripts/imi.html]
[math.iisc.ac.in/_nmi/scripts/screen.html]
[math.iisc.ac.in/_nmi/lib/jquery.html]
[math.iisc.ac.in/_nmi/lib/jquery.metadata.html]
[math.iisc.ac.in/_nmi/scripts/jquery.validate.html]
[math.iisc.ac.in/_nmi/lib/cmxforms.html]
[math.iisc.ac.in/_nmi/images/lnk-aboutimi1.html]
[math.iisc.ac.in/_nmi/images/lnk-seminars1.html]
[math.iisc.ac.in/_nmi/images/lnk-thematicprog2.html]
[math.iisc.ac.in/_nmi/images/lnk-thematicprog1.html]
[math.iisc.ac.in/_nmi/images/lnk-phdprog1.html]
[math.iisc.ac.in/_nmi/images/lnk-requestforpart1.html]
[math.iisc.ac.in/_nmi/images/lnk-visitorinfo1.html]
[math.iisc.ac.in/_nmi/images/lnk-fundingagencies1.html]
[math.iisc.ac.in/_nmi/images/lnk-contact1.html]
[math.iisc.ac.in/_nmi/index-2.html]
[math.iisc.ac.in/_nmi/images/icon-home.html]
[math.iisc.ac.in/_nmi/images/spacer.html]
[math.iisc.ac.in/_nmi/aboutimi-overview.html]
[math.iisc.ac.in/_nmi/images/lnk-aboutimi.html]
[math.iisc.ac.in/_nmi/atp.html]
[math.iisc.ac.in/_nmi/images/lnk-thematicprog.html]
[math.iisc.ac.in/_nmi/otherevents.html]
[math.iisc.ac.in/_nmi/images/lnk-otherevents1.html]
[math.iisc.ac.in/_nmi/images/lnk-otherevents.html]
[math.iisc.ac.in/_nmi/PhD Home.html]
[math.iisc.ac.in/_nmi/images/lnk-phdprog.html]
[math.iisc.ac.in/_nmi/atp-requestforparticipation.html]
[math.iisc.ac.in/_nmi/images/lnk-requestforpart.html]
[math.iisc.ac.in/_nmi/visitorinfo.html]
[math.iisc.ac.in/_nmi/images/lnk-visitorinfo.html]
[math.iisc.ac.in/_nmi/fundingagencies.html]
[math.iisc.ac.in/_nmi/images/lnk-fundingagencies.html]
[math.iisc.ac.in/_nmi/contact.html]
[math.iisc.ac.in/_nmi/images/lnk-contact.html]
[math.iisc.ac.in/_nmi/images/bannerimg-main.html]
[math.iisc.ac.in/_nmi/images/panel-head-currentthematicprog.html]
[math.iisc.ac.in/_nmi/images/panel-head-phdininterdisc.html]
[math.iisc.ac.in/_nmi/CTAC.html]
[math.iisc.ac.in/_nmi/images/panel-bak-div-vert.html]
[math.iisc.ac.in/_nmi/Alumni.html]
[math.iisc.ac.in/_nmi/images/panel-bot-grad.html]
[math.iisc.ac.in/_nmi/GTO.html]
[math.iisc.ac.in/_nmi/images/panel-head-upcomingthematicprog.html]
[math.iisc.ac.in/_nmi/images/panel-head-otherevents.html]
[math.iisc.ac.in/_nmi/images/panel-bak-div-horz.html]
[math.iisc.ac.in/images/h-courses.html]
[math.iisc.ac.in/courses/aug-dec2017/Multivariable_Calculus.html]
[math.iisc.ac.in/courses/aug-dec2017/Algebra-I.html]
[math.iisc.ac.in/courses/aug-dec2017/Linear_Algebra.html]
[math.iisc.ac.in/courses/aug-dec2017/Analysis_I_Real_Analysis.html]
[math.iisc.ac.in/courses/aug-dec2017/Topology.html]
[math.iisc.ac.in/courses/aug-dec2017/Probability_Models.html]
[math.iisc.ac.in/courses/aug-dec2017/Functional_Analysis.html]
[math.iisc.ac.in/courses/aug-dec2017/Introduction_to_Algebraic_Topology.html]
[math.iisc.ac.in/courses/aug-dec2015/Partial_Differential_Equations.html]
[math.iisc.ac.in/courses/aug-dec2017/Representation_Theory.html]
[math.iisc.ac.in/courses/aug-dec2017/Commutative_Algebra.html]
[math.iisc.ac.in/courses/aug-dec2017/Differentiable_Manifolds_and_Lie_Groups.html]
[math.iisc.ac.in/courses/aug-dec2017/Probability_Theory.html]
[math.iisc.ac.in/courses/aug-dec2017/Random_Matrix_Theory.html]
[math.iisc.ac.in/coursesold.html]
[math.iisc.ac.in/courses2015JA.html]
[math.iisc.ac.in/courses2015AD.html]
[math.iisc.ac.in/courses2016JA.html]
[math.iisc.ac.in/courses2016AD_17JA.html]
[math.iisc.ac.in/ugc-cas/design/index.html]
