[math.iisc.ac.in/seminars2017.0.delayed]
[math.iisc.ac.in/seminars2017/index.html]
[backblue.gif]
[fade.gif]
[index.html]
[math.iisc.ac.in/icons/blank.gif]
[math.iisc.ac.in/seminars2017/indexc052.html]
[math.iisc.ac.in/icons/back.gif]
[math.iisc.ac.in/seminars2017/index30b5.html]
[math.iisc.ac.in/seminars2017/indexf8a0.html]
[math.iisc.ac.in/seminars2017/indexbfec.html]
[math.iisc.ac.in/icons/text.gif]
[math.iisc.ac.in/index.html]
[math.iisc.ac.in/seminars2017/apr05.html]
[math.iisc.ac.in/seminars2017/aug02.html]
[math.iisc.ac.in/seminars2017/aug09.html]
[math.iisc.ac.in/seminars2017/aug18.html]
[math.iisc.ac.in/seminars2017/feb03-I.html]
[math.iisc.ac.in/seminars2017/feb03.html]
[math.iisc.ac.in/seminars2017/feb16.html]
[math.iisc.ac.in/seminars2017/feb17-I.html]
[math.iisc.ac.in/seminars2017/feb17-II.html]
[math.iisc.ac.in/seminars2017/feb17.html]
[math.iisc.ac.in/seminars2017/feb23.html]
[math.iisc.ac.in/seminars2017/jan05.html]
[math.iisc.ac.in/seminars2017/jan06.html]
[math.iisc.ac.in/seminars2017/jan09.html]
[math.iisc.ac.in/seminars2017/jan10.html]
[math.iisc.ac.in/seminars2017/jan11.html]
[math.iisc.ac.in/seminars2017/jan18.html]
[math.iisc.ac.in/seminars2017/jan20.html]
[math.iisc.ac.in/seminars2017/jan31.html]
[math.iisc.ac.in/seminars2017/jul03.html]
[math.iisc.ac.in/seminars2017/jul12.html]
[math.iisc.ac.in/seminars2017/jun06.html]
[math.iisc.ac.in/seminars2017/jun14.html]
[math.iisc.ac.in/seminars2017/jun19.html]
[math.iisc.ac.in/seminars2017/mar28.html]
[math.iisc.ac.in/seminars2017/may09.html]
[math.iisc.ac.in/seminars2017/index.html]
[math.iisc.ac.in/seminars2017/indexc052.html]
[math.iisc.ac.in/seminars2017/indexf8a0.html]
[math.iisc.ac.in/seminars2017/indexbfec.html]
[math.iisc.ac.in/seminars2017/indexb70a.html]
[math.iisc.ac.in/seminars2017/index30b5.html]
[math.iisc.ac.in/seminars2017/index72c9.html]
[math.iisc.ac.in/seminars2017/index5851.html]
[math.iisc.ac.in/seminars2017/may18.html]
[math.iisc.ac.in/seminars2017/indexad3f.html]
[math.iisc.ac.in/scripts/mathdept.css]
[math.iisc.ac.in/iisclogo.jpg]
[math.iisc.ac.in/images/lnk-intro1.gif]
[math.iisc.ac.in/images/lnk-imi1.gif]
[math.iisc.ac.in/images/lnk-people1.gif]
[math.iisc.ac.in/images/lnk-nonlin1.gif]
[math.iisc.ac.in/images/lnk-research1.gif]
[math.iisc.ac.in/images/lnk-matholym1.gif]
[math.iisc.ac.in/images/lnk-courses1.gif]
[math.iisc.ac.in/images/lnk-degree1.gif]
[math.iisc.ac.in/images/lnk-nbhm1.gif]
[math.iisc.ac.in/images/lnk-eprint.gif]
[math.iisc.ac.in/images/lnk-upevents1.gif]
[math.iisc.ac.in/image/lnk-events.gif]
[math.iisc.ac.in/images/lnk-resproj1.gif]
[math.iisc.ac.in/images/lnk-rellinks1.gif]
[math.iisc.ac.in/index.html]
[math.iisc.ac.in/seminars2017/apr05.html]
[math.iisc.ac.in/seminars2017/aug02.html]
[math.iisc.ac.in/seminars2017/aug09.html]
[math.iisc.ac.in/seminars2017/aug18.html]
[math.iisc.ac.in/seminars2017/feb03-I.html]
[math.iisc.ac.in/seminars2017/feb03.html]
[math.iisc.ac.in/seminars2017/feb16.html]
[math.iisc.ac.in/seminars2017/feb17-I.html]
[math.iisc.ac.in/seminars2017/feb17-II.html]
[math.iisc.ac.in/seminars2017/feb17.html]
[math.iisc.ac.in/seminars2017/feb23.html]
[math.iisc.ac.in/seminars2017/jan05.html]
[math.iisc.ac.in/seminars2017/jan06.html]
[math.iisc.ac.in/seminars2017/jan09.html]
[math.iisc.ac.in/seminars2017/jan10.html]
[math.iisc.ac.in/seminars2017/jan11.html]
[math.iisc.ac.in/seminars2017/jan18.html]
[math.iisc.ac.in/seminars2017/jan20.html]
[math.iisc.ac.in/seminars2017/jan31.html]
[math.iisc.ac.in/seminars2017/jul03.html]
[math.iisc.ac.in/seminars2017/jul12.html]
[math.iisc.ac.in/seminars2017/jun06.html]
[math.iisc.ac.in/seminars2017/jun14.html]
[math.iisc.ac.in/seminars2017/jun19.html]
[math.iisc.ac.in/seminars2017/mar28.html]
[math.iisc.ac.in/seminars2017/may09.html]
[math.iisc.ac.in/seminars2017/may18.html]
[math.iisc.ac.in/seminars2017/indexb70a.html]
[math.iisc.ac.in/seminars2017/index72c9.html]
[math.iisc.ac.in/seminars2017/index5851.html]
[math.iisc.ac.in/seminars2017/indexad3f.html]
[math.iisc.ac.in/scripts/mathdept.css]
[math.iisc.ac.in/image/lnk-events.html]
[math.iisc.ac.in/images/lnk-career1.html]
